src/middleware/auth.middleware.ts(45,34): error TS2339: Property 'organizationId' does not exist on type '{ id: string; email: string; name: string; password: string; role: Role; active: boolean; createdAt: Date; updatedAt: Date; }'.
src/middleware/auth.middleware.ts(47,35): error TS2339: Property 'organizationId' does not exist on type '{ id: string; email: string; name: string; password: string; role: Role; active: boolean; createdAt: Date; updatedAt: Date; }'.
src/middleware/tenant.middleware.ts(25,17): error TS2353: Object literal may only specify known properties, and 'organizationId' does not exist in type 'UserSelect<DefaultArgs>'.
src/middleware/tenant.middleware.ts(28,15): error TS2339: Property 'organizationId' does not exist on type '{ id: string; email: string; name: string; password: string; role: Role; active: boolean; createdAt: Date; updatedAt: Date; }'.
src/middleware/tenant.middleware.ts(29,33): error TS2339: Property 'organizationId' does not exist on type '{ id: string; email: string; name: string; password: string; role: Role; active: boolean; createdAt: Date; updatedAt: Date; }'.
src/modules/assets/assets.service.ts(1,24): error TS2305: Module '"@prisma/client"' has no exported member 'AssetType'.
src/modules/assets/assets.service.ts(1,35): error TS2305: Module '"@prisma/client"' has no exported member 'BusinessCriticality'.
src/modules/assets/assets.service.ts(1,56): error TS2305: Module '"@prisma/client"' has no exported member 'AssetStatus'.
src/modules/assets/assets.service.ts(40,14): error TS2339: Property 'asset' does not exist on type 'PrismaClient<PrismaClientOptions, never, DefaultArgs>'.
src/modules/assets/assets.service.ts(54,14): error TS2339: Property 'asset' does not exist on type 'PrismaClient<PrismaClientOptions, never, DefaultArgs>'.
src/modules/assets/assets.service.ts(57,31): error TS7006: Parameter 'a' implicitly has an 'any' type.
src/modules/assets/assets.service.ts(58,50): error TS7006: Parameter 'v' implicitly has an 'any' type.
src/modules/assets/assets.service.ts(59,54): error TS7006: Parameter 'v' implicitly has an 'any' type.
src/modules/assets/assets.service.ts(74,32): error TS2339: Property 'asset' does not exist on type 'PrismaClient<PrismaClientOptions, never, DefaultArgs>'.
src/modules/assets/assets.service.ts(89,52): error TS7006: Parameter 'v' implicitly has an 'any' type.
src/modules/assets/assets.service.ts(90,56): error TS7006: Parameter 'v' implicitly has an 'any' type.
src/modules/assets/assets.service.ts(106,19): error TS2339: Property 'asset' does not exist on type 'PrismaClient<PrismaClientOptions, never, DefaultArgs>'.
src/modules/assets/assets.service.ts(114,19): error TS2339: Property 'asset' does not exist on type 'PrismaClient<PrismaClientOptions, never, DefaultArgs>'.
src/modules/assets/assets.service.ts(118,19): error TS2339: Property 'asset' does not exist on type 'PrismaClient<PrismaClientOptions, never, DefaultArgs>'.
src/modules/assets/assets.service.ts(124,15): error TS2353: Object literal may only specify known properties, and 'assetId' does not exist in type '(Without<VulnerabilityUpdateInput, VulnerabilityUncheckedUpdateInput> & VulnerabilityUncheckedUpdateInput) | (Without<...> & VulnerabilityUpdateInput)'.
src/modules/assets/assets.service.ts(131,15): error TS2353: Object literal may only specify known properties, and 'assetId' does not exist in type '(Without<VulnerabilityUpdateInput, VulnerabilityUncheckedUpdateInput> & VulnerabilityUncheckedUpdateInput) | (Without<...> & VulnerabilityUpdateInput)'.
src/modules/assets/assets.service.ts(137,14): error TS2339: Property 'asset' does not exist on type 'PrismaClient<PrismaClientOptions, never, DefaultArgs>'.
src/modules/assets/assets.service.ts(138,14): error TS2339: Property 'asset' does not exist on type 'PrismaClient<PrismaClientOptions, never, DefaultArgs>'.
src/modules/assets/assets.service.ts(139,14): error TS2339: Property 'asset' does not exist on type 'PrismaClient<PrismaClientOptions, never, DefaultArgs>'.
src/modules/assets/assets.service.ts(140,14): error TS2339: Property 'asset' does not exist on type 'PrismaClient<PrismaClientOptions, never, DefaultArgs>'.
src/modules/audit/audit.controller.ts(3,10): error TS2305: Module '"@prisma/client"' has no exported member 'AuditAction'.
src/modules/audit/audit.routes.ts(3,10): error TS2305: Module '"../../middleware/auth.middleware"' has no exported member 'authMiddleware'.
src/modules/audit/audit.routes.ts(4,30): error TS2307: Cannot find module '../../middleware/role.middleware' or its corresponding type declarations.
src/modules/audit/audit.service.ts(1,24): error TS2305: Module '"@prisma/client"' has no exported member 'AuditAction'.
src/modules/audit/audit.service.ts(23,20): error TS2339: Property 'auditLog' does not exist on type 'PrismaClient<PrismaClientOptions, never, DefaultArgs>'.
src/modules/audit/audit.service.ts(69,14): error TS2339: Property 'auditLog' does not exist on type 'PrismaClient<PrismaClientOptions, never, DefaultArgs>'.
src/modules/audit/audit.service.ts(75,14): error TS2339: Property 'auditLog' does not exist on type 'PrismaClient<PrismaClientOptions, never, DefaultArgs>'.
src/modules/auth/auth.service.ts(31,79): error TS2339: Property 'organizationId' does not exist on type '{ id: string; email: string; name: string; password: string; role: Role; active: boolean; createdAt: Date; updatedAt: Date; }'.
src/modules/auth/auth.service.ts(43,30): error TS2339: Property 'organizationId' does not exist on type '{ id: string; email: string; name: string; password: string; role: Role; active: boolean; createdAt: Date; updatedAt: Date; }'.
src/modules/auth/auth.service.ts(58,9): error TS2353: Object literal may only specify known properties, and 'organizationId' does not exist in type 'UserSelect<DefaultArgs>'.
src/modules/llm/llm.service.ts(169,33): error TS2339: Property 'asset' does not exist on type 'PrismaClient<PrismaClientOptions, never, DefaultArgs>'.
src/modules/llm/llm.service.ts(269,26): error TS7006: Parameter 'a' implicitly has an 'any' type.
src/modules/llm/llm.service.ts(317,17): error TS7006: Parameter 'a' implicitly has an 'any' type.
src/modules/llm/llm.service.ts(317,124): error TS7006: Parameter 'a' implicitly has an 'any' type.
src/modules/llm/llm.service.ts(320,14): error TS7006: Parameter 'a' implicitly has an 'any' type.
src/modules/llm/llm.service.ts(431,41): error TS2339: Property 'asset' does not exist on type 'PrismaClient<PrismaClientOptions, never, DefaultArgs>'.
src/modules/llm/llm.service.ts(472,42): error TS7006: Parameter 'a' implicitly has an 'any' type.
src/modules/risk/risk.service.ts(173,33): error TS2339: Property 'asset' does not exist on type 'PrismaClient<PrismaClientOptions, never, DefaultArgs>'.
src/modules/risk/risk.service.ts(372,33): error TS2339: Property 'asset' does not exist on type 'PrismaClient<PrismaClientOptions, never, DefaultArgs>'.
src/modules/settings/settings.service.ts(71,30): error TS2339: Property 'organization' does not exist on type 'PrismaClient<PrismaClientOptions, never, DefaultArgs>'.
src/modules/settings/settings.service.ts(92,17): error TS2353: Object literal may only specify known properties, and 'organizationId' does not exist in type '(Without<UserUpdateInput, UserUncheckedUpdateInput> & UserUncheckedUpdateInput) | (Without<...> & UserUpdateInput)'.
src/modules/settings/settings.service.ts(115,40): error TS2339: Property 'asset' does not exist on type 'PrismaClient<PrismaClientOptions, never, DefaultArgs>'.
src/modules/settings/settings.service.ts(122,27): error TS7006: Parameter 'a' implicitly has an 'any' type.
src/modules/settings/settings.service.ts(133,16): error TS2339: Property 'asset' does not exist on type 'PrismaClient<PrismaClientOptions, never, DefaultArgs>'.
src/modules/vulnerabilities/vulnerabilities.service.ts(29,9): error TS2353: Object literal may only specify known properties, and 'asset' does not exist in type 'VulnerabilityInclude<DefaultArgs>'.
src/modules/vulnerabilities/vulnerabilities.service.ts(48,9): error TS2353: Object literal may only specify known properties, and 'asset' does not exist in type 'VulnerabilityInclude<DefaultArgs>'.
